== target_58 (NPD_THEMA_1_246_0__3pdh_A_rec_4buz_ocz) ==
WARNING: At low exhaustiveness, it may be impossible to utilize all CPUs.
WARNING: At low exhaustiveness, it may be impossible to utilize all CPUs.
WARNING: At low exhaustiveness, it may be impossible to utilize all CPUs.
WARNING: At low exhaustiveness, it may be impossible to utilize all CPUs.
WARNING: At low exhaustiveness, it may be impossible to utilize all CPUs.
WARNING: At low exhaustiveness, it may be impossible to utilize all CPUs.
WARNING: At low exhaustiveness, it may be impossible to utilize all CPUs.
WARNING: At low exhaustiveness, it may be impossible to utilize all CPUs.
WARNING: At low exhaustiveness, it may be impossible to utilize all CPUs.
WARNING: At low exhaustiveness, it may be impossible to utilize all CPUs.
WARNING: At low exhaustiveness, it may be impossible to utilize all CPUs.
WARNING: At low exhaustiveness, it may be impossible to utilize all CPUs.
WARNING: At low exhaustiveness, it may be impossible to utilize all CPUs.
WARNING: At low exhaustiveness, it may be impossible to utilize all CPUs.
WARNING: At low exhaustiveness, it may be impossible to utilize all CPUs.
WARNING: At low exhaustiveness, it may be impossible to utilize all CPUs.
WARNING: At low exhaustiveness, it may be impossible to utilize all CPUs.
==============================
*** Open Babel Warning  in PerceiveBondOrders
  Failed to kekulize aromatic bonds in OBMol::PerceiveBondOrders

WARNING: At low exhaustiveness, it may be impossible to utilize all CPUs.
==============================
*** Open Babel Warning  in PerceiveBondOrders
  Failed to kekulize aromatic bonds in OBMol::PerceiveBondOrders

==============================
*** Open Babel Warning  in PerceiveBondOrders
  Failed to kekulize aromatic bonds in OBMol::PerceiveBondOrders

WARNING: At low exhaustiveness, it may be impossible to utilize all CPUs.
==============================
*** Open Babel Warning  in PerceiveBondOrders
  Failed to kekulize aromatic bonds in OBMol::PerceiveBondOrders

WARNING: At low exhaustiveness, it may be impossible to utilize all CPUs.
    target_58 frozenenc_sig0.9: 20/100  (56s, 2.8s/mol)
WARNING: At low exhaustiveness, it may be impossible to utilize all CPUs.
WARNING: At low exhaustiveness, it may be impossible to utilize all CPUs.
WARNING: At low exhaustiveness, it may be impossible to utilize all CPUs.
WARNING: At low exhaustiveness, it may be impossible to utilize all CPUs.
==============================
*** Open Babel Warning  in PerceiveBondOrders
  Failed to kekulize aromatic bonds in OBMol::PerceiveBondOrders

WARNING: At low exhaustiveness, it may be impossible to utilize all CPUs.
==============================
*** Open Babel Warning  in PerceiveBondOrders
  Failed to kekulize aromatic bonds in OBMol::PerceiveBondOrders

WARNING: At low exhaustiveness, it may be impossible to utilize all CPUs.
WARNING: At low exhaustiveness, it may be impossible to utilize all CPUs.
WARNING: At low exhaustiveness, it may be impossible to utilize all CPUs.
WARNING: At low exhaustiveness, it may be impossible to utilize all CPUs.
WARNING: At low exhaustiveness, it may be impossible to utilize all CPUs.
WARNING: At low exhaustiveness, it may be impossible to utilize all CPUs.
WARNING: At low exhaustiveness, it may be impossible to utilize all CPUs.
WARNING: At low exhaustiveness, it may be impossible to utilize all CPUs.
==============================
*** Open Babel Warning  in PerceiveBondOrders
  Failed to kekulize aromatic bonds in OBMol::PerceiveBondOrders

WARNING: At low exhaustiveness, it may be impossible to utilize all CPUs.
==============================
*** Open Babel Warning  in PerceiveBondOrders
  Failed to kekulize aromatic bonds in OBMol::PerceiveBondOrders

WARNING: At low exhaustiveness, it may be impossible to utilize all CPUs.
WARNING: At low exhaustiveness, it may be impossible to utilize all CPUs.
WARNING: At low exhaustiveness, it may be impossible to utilize all CPUs.
WARNING: At low exhaustiveness, it may be impossible to utilize all CPUs.
WARNING: At low exhaustiveness, it may be impossible to utilize all CPUs.
WARNING: At low exhaustiveness, it may be impossible to utilize all CPUs.
    target_58 frozenenc_sig0.9: 40/100  (115s, 2.9s/mol)
WARNING: At low exhaustiveness, it may be impossible to utilize all CPUs.
WARNING: At low exhaustiveness, it may be impossible to utilize all CPUs.
WARNING: At low exhaustiveness, it may be impossible to utilize all CPUs.
WARNING: At low exhaustiveness, it may be impossible to utilize all CPUs.
WARNING: At low exhaustiveness, it may be impossible to utilize all CPUs.
==============================
*** Open Babel Warning  in PerceiveBondOrders
  Failed to kekulize aromatic bonds in OBMol::PerceiveBondOrders

WARNING: At low exhaustiveness, it may be impossible to utilize all CPUs.
==============================
*** Open Babel Warning  in PerceiveBondOrders
  Failed to kekulize aromatic bonds in OBMol::PerceiveBondOrders

WARNING: At low exhaustiveness, it may be impossible to utilize all CPUs.
WARNING: At low exhaustiveness, it may be impossible to utilize all CPUs.
WARNING: At low exhaustiveness, it may be impossible to utilize all CPUs.
WARNING: At low exhaustiveness, it may be impossible to utilize all CPUs.
WARNING: At low exhaustiveness, it may be impossible to utilize all CPUs.
WARNING: At low exhaustiveness, it may be impossible to utilize all CPUs.
WARNING: At low exhaustiveness, it may be impossible to utilize all CPUs.
WARNING: At low exhaustiveness, it may be impossible to utilize all CPUs.
WARNING: At low exhaustiveness, it may be impossible to utilize all CPUs.
WARNING: At low exhaustiveness, it may be impossible to utilize all CPUs.
WARNING: At low exhaustiveness, it may be impossible to utilize all CPUs.
WARNING: At low exhaustiveness, it may be impossible to utilize all CPUs.
WARNING: At low exhaustiveness, it may be impossible to utilize all CPUs.
WARNING: At low exhaustiveness, it may be impossible to utilize all CPUs.
    target_58 frozenenc_sig0.9: 60/100  (192s, 3.2s/mol)
WARNING: At low exhaustiveness, it may be impossible to utilize all CPUs.
==============================
*** Open Babel Warning  in PerceiveBondOrders
  Failed to kekulize aromatic bonds in OBMol::PerceiveBondOrders

WARNING: At low exhaustiveness, it may be impossible to utilize all CPUs.
==============================
*** Open Babel Warning  in PerceiveBondOrders
  Failed to kekulize aromatic bonds in OBMol::PerceiveBondOrders

WARNING: At low exhaustiveness, it may be impossible to utilize all CPUs.
==============================
*** Open Babel Warning  in PerceiveBondOrders
  Failed to kekulize aromatic bonds in OBMol::PerceiveBondOrders

WARNING: At low exhaustiveness, it may be impossible to utilize all CPUs.
==============================
*** Open Babel Warning  in PerceiveBondOrders
  Failed to kekulize aromatic bonds in OBMol::PerceiveBondOrders

WARNING: At low exhaustiveness, it may be impossible to utilize all CPUs.
WARNING: At low exhaustiveness, it may be impossible to utilize all CPUs.
WARNING: At low exhaustiveness, it may be impossible to utilize all CPUs.
WARNING: At low exhaustiveness, it may be impossible to utilize all CPUs.
WARNING: At low exhaustiveness, it may be impossible to utilize all CPUs.
WARNING: At low exhaustiveness, it may be impossible to utilize all CPUs.
WARNING: At low exhaustiveness, it may be impossible to utilize all CPUs.
WARNING: At low exhaustiveness, it may be impossible to utilize all CPUs.
WARNING: At low exhaustiveness, it may be impossible to utilize all CPUs.
WARNING: At low exhaustiveness, it may be impossible to utilize all CPUs.
WARNING: At low exhaustiveness, it may be impossible to utilize all CPUs.
WARNING: At low exhaustiveness, it may be impossible to utilize all CPUs.
WARNING: At low exhaustiveness, it may be impossible to utilize all CPUs.
WARNING: At low exhaustiveness, it may be impossible to utilize all CPUs.
WARNING: At low exhaustiveness, it may be impossible to utilize all CPUs.
==============================
*** Open Babel Warning  in PerceiveBondOrders
  Failed to kekulize aromatic bonds in OBMol::PerceiveBondOrders

WARNING: At low exhaustiveness, it may be impossible to utilize all CPUs.
==============================
*** Open Babel Warning  in PerceiveBondOrders
  Failed to kekulize aromatic bonds in OBMol::PerceiveBondOrders

    target_58 frozenenc_sig0.9: 80/100  (238s, 3.0s/mol)
==============================
*** Open Babel Warning  in PerceiveBondOrders
  Failed to kekulize aromatic bonds in OBMol::PerceiveBondOrders

WARNING: At low exhaustiveness, it may be impossible to utilize all CPUs.
==============================
*** Open Babel Warning  in PerceiveBondOrders
  Failed to kekulize aromatic bonds in OBMol::PerceiveBondOrders

WARNING: At low exhaustiveness, it may be impossible to utilize all CPUs.
WARNING: At low exhaustiveness, it may be impossible to utilize all CPUs.
WARNING: At low exhaustiveness, it may be impossible to utilize all CPUs.
WARNING: At low exhaustiveness, it may be impossible to utilize all CPUs.
WARNING: At low exhaustiveness, it may be impossible to utilize all CPUs.
==============================
*** Open Babel Warning  in PerceiveBondOrders
  Failed to kekulize aromatic bonds in OBMol::PerceiveBondOrders

WARNING: At low exhaustiveness, it may be impossible to utilize all CPUs.
==============================
*** Open Babel Warning  in PerceiveBondOrders
  Failed to kekulize aromatic bonds in OBMol::PerceiveBondOrders

WARNING: At low exhaustiveness, it may be impossible to utilize all CPUs.
WARNING: At low exhaustiveness, it may be impossible to utilize all CPUs.
WARNING: At low exhaustiveness, it may be impossible to utilize all CPUs.
WARNING: At low exhaustiveness, it may be impossible to utilize all CPUs.
WARNING: At low exhaustiveness, it may be impossible to utilize all CPUs.
WARNING: At low exhaustiveness, it may be impossible to utilize all CPUs.
==============================
*** Open Babel Warning  in PerceiveBondOrders
  Failed to kekulize aromatic bonds in OBMol::PerceiveBondOrders

WARNING: At low exhaustiveness, it may be impossible to utilize all CPUs.
==============================
*** Open Babel Warning  in PerceiveBondOrders
  Failed to kekulize aromatic bonds in OBMol::PerceiveBondOrders

WARNING: At low exhaustiveness, it may be impossible to utilize all CPUs.
WARNING: At low exhaustiveness, it may be impossible to utilize all CPUs.
WARNING: At low exhaustiveness, it may be impossible to utilize all CPUs.
WARNING: At low exhaustiveness, it may be impossible to utilize all CPUs.
WARNING: At low exhaustiveness, it may be impossible to utilize all CPUs.
WARNING: At low exhaustiveness, it may be impossible to utilize all CPUs.
    target_58 frozenenc_sig0.9: 100/100  (272s, 2.7s/mol)
    frozenenc_sig0.9: wrote /home1/irteam/VoxBind/voxbind/notebook/html/viz_target58/poses_frozenenc_sig0.9.json  (100/100 docked poses)
WARNING: At low exhaustiveness, it may be impossible to utilize all CPUs.
WARNING: At low exhaustiveness, it may be impossible to utilize all CPUs.
WARNING: At low exhaustiveness, it may be impossible to utilize all CPUs.
WARNING: At low exhaustiveness, it may be impossible to utilize all CPUs.
WARNING: At low exhaustiveness, it may be impossible to utilize all CPUs.
WARNING: At low exhaustiveness, it may be impossible to utilize all CPUs.
WARNING: At low exhaustiveness, it may be impossible to utilize all CPUs.
==============================
*** Open Babel Warning  in PerceiveBondOrders
  Failed to kekulize aromatic bonds in OBMol::PerceiveBondOrders

WARNING: At low exhaustiveness, it may be impossible to utilize all CPUs.
==============================
*** Open Babel Warning  in PerceiveBondOrders
  Failed to kekulize aromatic bonds in OBMol::PerceiveBondOrders

WARNING: At low exhaustiveness, it may be impossible to utilize all CPUs.
WARNING: At low exhaustiveness, it may be impossible to utilize all CPUs.
WARNING: At low exhaustiveness, it may be impossible to utilize all CPUs.
WARNING: At low exhaustiveness, it may be impossible to utilize all CPUs.
WARNING: At low exhaustiveness, it may be impossible to utilize all CPUs.
WARNING: At low exhaustiveness, it may be impossible to utilize all CPUs.
==============================
*** Open Babel Warning  in PerceiveBondOrders
  Failed to kekulize aromatic bonds in OBMol::PerceiveBondOrders

WARNING: At low exhaustiveness, it may be impossible to utilize all CPUs.
==============================
*** Open Babel Warning  in PerceiveBondOrders
  Failed to kekulize aromatic bonds in OBMol::PerceiveBondOrders

==============================
*** Open Babel Warning  in PerceiveBondOrders
  Failed to kekulize aromatic bonds in OBMol::PerceiveBondOrders

WARNING: At low exhaustiveness, it may be impossible to utilize all CPUs.
==============================
*** Open Babel Warning  in PerceiveBondOrders
  Failed to kekulize aromatic bonds in OBMol::PerceiveBondOrders

==============================
*** Open Babel Warning  in PerceiveBondOrders
  Failed to kekulize aromatic bonds in OBMol::PerceiveBondOrders

WARNING: At low exhaustiveness, it may be impossible to utilize all CPUs.
==============================
*** Open Babel Warning  in PerceiveBondOrders
  Failed to kekulize aromatic bonds in OBMol::PerceiveBondOrders

==============================
*** Open Babel Warning  in PerceiveBondOrders
  Failed to kekulize aromatic bonds in OBMol::PerceiveBondOrders

WARNING: At low exhaustiveness, it may be impossible to utilize all CPUs.
==============================
*** Open Babel Warning  in PerceiveBondOrders
  Failed to kekulize aromatic bonds in OBMol::PerceiveBondOrders

WARNING: At low exhaustiveness, it may be impossible to utilize all CPUs.
WARNING: At low exhaustiveness, it may be impossible to utilize all CPUs.
    target_58 vanilla_sig0.9: 20/100  (32s, 1.6s/mol)
WARNING: At low exhaustiveness, it may be impossible to utilize all CPUs.
WARNING: At low exhaustiveness, it may be impossible to utilize all CPUs.
WARNING: At low exhaustiveness, it may be impossible to utilize all CPUs.
==============================
*** Open Babel Warning  in PerceiveBondOrders
  Failed to kekulize aromatic bonds in OBMol::PerceiveBondOrders

WARNING: At low exhaustiveness, it may be impossible to utilize all CPUs.
==============================
*** Open Babel Warning  in PerceiveBondOrders
  Failed to kekulize aromatic bonds in OBMol::PerceiveBondOrders

==============================
*** Open Babel Warning  in PerceiveBondOrders
  Failed to kekulize aromatic bonds in OBMol::PerceiveBondOrders

WARNING: At low exhaustiveness, it may be impossible to utilize all CPUs.
==============================
*** Open Babel Warning  in PerceiveBondOrders
  Failed to kekulize aromatic bonds in OBMol::PerceiveBondOrders

WARNING: At low exhaustiveness, it may be impossible to utilize all CPUs.
==============================
*** Open Babel Warning  in PerceiveBondOrders
  Failed to kekulize aromatic bonds in OBMol::PerceiveBondOrders

WARNING: At low exhaustiveness, it may be impossible to utilize all CPUs.
==============================
*** Open Babel Warning  in PerceiveBondOrders
  Failed to kekulize aromatic bonds in OBMol::PerceiveBondOrders

WARNING: At low exhaustiveness, it may be impossible to utilize all CPUs.
==============================
*** Open Babel Warning  in PerceiveBondOrders
  Failed to kekulize aromatic bonds in OBMol::PerceiveBondOrders

WARNING: At low exhaustiveness, it may be impossible to utilize all CPUs.
==============================
*** Open Babel Warning  in PerceiveBondOrders
  Failed to kekulize aromatic bonds in OBMol::PerceiveBondOrders

WARNING: At low exhaustiveness, it may be impossible to utilize all CPUs.
WARNING: At low exhaustiveness, it may be impossible to utilize all CPUs.
WARNING: At low exhaustiveness, it may be impossible to utilize all CPUs.
WARNING: At low exhaustiveness, it may be impossible to utilize all CPUs.
WARNING: At low exhaustiveness, it may be impossible to utilize all CPUs.
WARNING: At low exhaustiveness, it may be impossible to utilize all CPUs.
==============================
*** Open Babel Warning  in PerceiveBondOrders
  Failed to kekulize aromatic bonds in OBMol::PerceiveBondOrders

WARNING: At low exhaustiveness, it may be impossible to utilize all CPUs.
==============================
*** Open Babel Warning  in PerceiveBondOrders
  Failed to kekulize aromatic bonds in OBMol::PerceiveBondOrders

==============================
*** Open Babel Warning  in PerceiveBondOrders
  Failed to kekulize aromatic bonds in OBMol::PerceiveBondOrders

WARNING: At low exhaustiveness, it may be impossible to utilize all CPUs.
==============================
*** Open Babel Warning  in PerceiveBondOrders
  Failed to kekulize aromatic bonds in OBMol::PerceiveBondOrders

==============================
*** Open Babel Warning  in PerceiveBondOrders
  Failed to kekulize aromatic bonds in OBMol::PerceiveBondOrders

WARNING: At low exhaustiveness, it may be impossible to utilize all CPUs.
==============================
*** Open Babel Warning  in PerceiveBondOrders
  Failed to kekulize aromatic bonds in OBMol::PerceiveBondOrders

WARNING: At low exhaustiveness, it may be impossible to utilize all CPUs.
WARNING: At low exhaustiveness, it may be impossible to utilize all CPUs.
    target_58 vanilla_sig0.9: 40/100  (63s, 1.6s/mol)
WARNING: At low exhaustiveness, it may be impossible to utilize all CPUs.
WARNING: At low exhaustiveness, it may be impossible to utilize all CPUs.
WARNING: At low exhaustiveness, it may be impossible to utilize all CPUs.
==============================
*** Open Babel Warning  in PerceiveBondOrders
  Failed to kekulize aromatic bonds in OBMol::PerceiveBondOrders

WARNING: At low exhaustiveness, it may be impossible to utilize all CPUs.
==============================
*** Open Babel Warning  in PerceiveBondOrders
  Failed to kekulize aromatic bonds in OBMol::PerceiveBondOrders

==============================
*** Open Babel Warning  in PerceiveBondOrders
  Failed to kekulize aromatic bonds in OBMol::PerceiveBondOrders

WARNING: At low exhaustiveness, it may be impossible to utilize all CPUs.
==============================
*** Open Babel Warning  in PerceiveBondOrders
  Failed to kekulize aromatic bonds in OBMol::PerceiveBondOrders

==============================
*** Open Babel Warning  in PerceiveBondOrders
  Failed to kekulize aromatic bonds in OBMol::PerceiveBondOrders

WARNING: At low exhaustiveness, it may be impossible to utilize all CPUs.
==============================
*** Open Babel Warning  in PerceiveBondOrders
  Failed to kekulize aromatic bonds in OBMol::PerceiveBondOrders

WARNING: At low exhaustiveness, it may be impossible to utilize all CPUs.
WARNING: At low exhaustiveness, it may be impossible to utilize all CPUs.
WARNING: At low exhaustiveness, it may be impossible to utilize all CPUs.
WARNING: At low exhaustiveness, it may be impossible to utilize all CPUs.
WARNING: At low exhaustiveness, it may be impossible to utilize all CPUs.
WARNING: At low exhaustiveness, it may be impossible to utilize all CPUs.
WARNING: At low exhaustiveness, it may be impossible to utilize all CPUs.
==============================
*** Open Babel Warning  in PerceiveBondOrders
  Failed to kekulize aromatic bonds in OBMol::PerceiveBondOrders

WARNING: At low exhaustiveness, it may be impossible to utilize all CPUs.
==============================
*** Open Babel Warning  in PerceiveBondOrders
  Failed to kekulize aromatic bonds in OBMol::PerceiveBondOrders

WARNING: At low exhaustiveness, it may be impossible to utilize all CPUs.
WARNING: At low exhaustiveness, it may be impossible to utilize all CPUs.
WARNING: At low exhaustiveness, it may be impossible to utilize all CPUs.
WARNING: At low exhaustiveness, it may be impossible to utilize all CPUs.
WARNING: At low exhaustiveness, it may be impossible to utilize all CPUs.
WARNING: At low exhaustiveness, it may be impossible to utilize all CPUs.
    target_58 vanilla_sig0.9: 60/100  (99s, 1.6s/mol)
WARNING: At low exhaustiveness, it may be impossible to utilize all CPUs.
WARNING: At low exhaustiveness, it may be impossible to utilize all CPUs.
WARNING: At low exhaustiveness, it may be impossible to utilize all CPUs.
WARNING: At low exhaustiveness, it may be impossible to utilize all CPUs.
WARNING: At low exhaustiveness, it may be impossible to utilize all CPUs.
WARNING: At low exhaustiveness, it may be impossible to utilize all CPUs.
WARNING: At low exhaustiveness, it may be impossible to utilize all CPUs.
WARNING: At low exhaustiveness, it may be impossible to utilize all CPUs.
WARNING: At low exhaustiveness, it may be impossible to utilize all CPUs.
WARNING: At low exhaustiveness, it may be impossible to utilize all CPUs.
WARNING: At low exhaustiveness, it may be impossible to utilize all CPUs.
WARNING: At low exhaustiveness, it may be impossible to utilize all CPUs.
WARNING: At low exhaustiveness, it may be impossible to utilize all CPUs.
==============================
*** Open Babel Warning  in PerceiveBondOrders
  Failed to kekulize aromatic bonds in OBMol::PerceiveBondOrders

WARNING: At low exhaustiveness, it may be impossible to utilize all CPUs.
==============================
*** Open Babel Warning  in PerceiveBondOrders
  Failed to kekulize aromatic bonds in OBMol::PerceiveBondOrders

WARNING: At low exhaustiveness, it may be impossible to utilize all CPUs.
WARNING: At low exhaustiveness, it may be impossible to utilize all CPUs.
WARNING: At low exhaustiveness, it may be impossible to utilize all CPUs.
WARNING: At low exhaustiveness, it may be impossible to utilize all CPUs.
WARNING: At low exhaustiveness, it may be impossible to utilize all CPUs.
WARNING: At low exhaustiveness, it may be impossible to utilize all CPUs.
    target_58 vanilla_sig0.9: 80/100  (135s, 1.7s/mol)
==============================
*** Open Babel Warning  in PerceiveBondOrders
  Failed to kekulize aromatic bonds in OBMol::PerceiveBondOrders

WARNING: At low exhaustiveness, it may be impossible to utilize all CPUs.
==============================
*** Open Babel Warning  in PerceiveBondOrders
  Failed to kekulize aromatic bonds in OBMol::PerceiveBondOrders

WARNING: At low exhaustiveness, it may be impossible to utilize all CPUs.
WARNING: At low exhaustiveness, it may be impossible to utilize all CPUs.
WARNING: At low exhaustiveness, it may be impossible to utilize all CPUs.
WARNING: At low exhaustiveness, it may be impossible to utilize all CPUs.
WARNING: At low exhaustiveness, it may be impossible to utilize all CPUs.
WARNING: At low exhaustiveness, it may be impossible to utilize all CPUs.
WARNING: At low exhaustiveness, it may be impossible to utilize all CPUs.
WARNING: At low exhaustiveness, it may be impossible to utilize all CPUs.
WARNING: At low exhaustiveness, it may be impossible to utilize all CPUs.
WARNING: At low exhaustiveness, it may be impossible to utilize all CPUs.
WARNING: At low exhaustiveness, it may be impossible to utilize all CPUs.
WARNING: At low exhaustiveness, it may be impossible to utilize all CPUs.
WARNING: At low exhaustiveness, it may be impossible to utilize all CPUs.
WARNING: At low exhaustiveness, it may be impossible to utilize all CPUs.
WARNING: At low exhaustiveness, it may be impossible to utilize all CPUs.
WARNING: At low exhaustiveness, it may be impossible to utilize all CPUs.
WARNING: At low exhaustiveness, it may be impossible to utilize all CPUs.
WARNING: At low exhaustiveness, it may be impossible to utilize all CPUs.
WARNING: At low exhaustiveness, it may be impossible to utilize all CPUs.
    target_58 vanilla_sig0.9: 100/100  (173s, 1.7s/mol)
    vanilla_sig0.9: wrote /home1/irteam/VoxBind/voxbind/notebook/html/viz_target58/poses_vanilla_sig0.9.json  (100/100 docked poses)
WARNING: At low exhaustiveness, it may be impossible to utilize all CPUs.
WARNING: At low exhaustiveness, it may be impossible to utilize all CPUs.
==============================
*** Open Babel Warning  in PerceiveBondOrders
  Failed to kekulize aromatic bonds in OBMol::PerceiveBondOrders

WARNING: At low exhaustiveness, it may be impossible to utilize all CPUs.
==============================
*** Open Babel Warning  in PerceiveBondOrders
  Failed to kekulize aromatic bonds in OBMol::PerceiveBondOrders

==============================
*** Open Babel Warning  in PerceiveBondOrders
  Failed to kekulize aromatic bonds in OBMol::PerceiveBondOrders

WARNING: At low exhaustiveness, it may be impossible to utilize all CPUs.
==============================
*** Open Babel Warning  in PerceiveBondOrders
  Failed to kekulize aromatic bonds in OBMol::PerceiveBondOrders

WARNING: At low exhaustiveness, it may be impossible to utilize all CPUs.
WARNING: At low exhaustiveness, it may be impossible to utilize all CPUs.
WARNING: At low exhaustiveness, it may be impossible to utilize all CPUs.
WARNING: At low exhaustiveness, it may be impossible to utilize all CPUs.
WARNING: At low exhaustiveness, it may be impossible to utilize all CPUs.
==============================
*** Open Babel Warning  in PerceiveBondOrders
  Failed to kekulize aromatic bonds in OBMol::PerceiveBondOrders

WARNING: At low exhaustiveness, it may be impossible to utilize all CPUs.
==============================
*** Open Babel Warning  in PerceiveBondOrders
  Failed to kekulize aromatic bonds in OBMol::PerceiveBondOrders

WARNING: At low exhaustiveness, it may be impossible to utilize all CPUs.
WARNING: At low exhaustiveness, it may be impossible to utilize all CPUs.
WARNING: At low exhaustiveness, it may be impossible to utilize all CPUs.
WARNING: At low exhaustiveness, it may be impossible to utilize all CPUs.
WARNING: At low exhaustiveness, it may be impossible to utilize all CPUs.
==============================
*** Open Babel Warning  in PerceiveBondOrders
  Failed to kekulize aromatic bonds in OBMol::PerceiveBondOrders

WARNING: At low exhaustiveness, it may be impossible to utilize all CPUs.
==============================
*** Open Babel Warning  in PerceiveBondOrders
  Failed to kekulize aromatic bonds in OBMol::PerceiveBondOrders

==============================
*** Open Babel Warning  in PerceiveBondOrders
  Failed to kekulize aromatic bonds in OBMol::PerceiveBondOrders

WARNING: At low exhaustiveness, it may be impossible to utilize all CPUs.
==============================
*** Open Babel Warning  in PerceiveBondOrders
  Failed to kekulize aromatic bonds in OBMol::PerceiveBondOrders

WARNING: At low exhaustiveness, it may be impossible to utilize all CPUs.
WARNING: At low exhaustiveness, it may be impossible to utilize all CPUs.
==============================
*** Open Babel Warning  in PerceiveBondOrders
  Failed to kekulize aromatic bonds in OBMol::PerceiveBondOrders

WARNING: At low exhaustiveness, it may be impossible to utilize all CPUs.
==============================
*** Open Babel Warning  in PerceiveBondOrders
  Failed to kekulize aromatic bonds in OBMol::PerceiveBondOrders

    target_58 vanilla_sig1.0: 20/100  (28s, 1.4s/mol)
WARNING: At low exhaustiveness, it may be impossible to utilize all CPUs.
WARNING: At low exhaustiveness, it may be impossible to utilize all CPUs.
WARNING: At low exhaustiveness, it may be impossible to utilize all CPUs.
WARNING: At low exhaustiveness, it may be impossible to utilize all CPUs.
WARNING: At low exhaustiveness, it may be impossible to utilize all CPUs.
WARNING: At low exhaustiveness, it may be impossible to utilize all CPUs.
WARNING: At low exhaustiveness, it may be impossible to utilize all CPUs.
WARNING: At low exhaustiveness, it may be impossible to utilize all CPUs.
WARNING: At low exhaustiveness, it may be impossible to utilize all CPUs.
WARNING: At low exhaustiveness, it may be impossible to utilize all CPUs.
WARNING: At low exhaustiveness, it may be impossible to utilize all CPUs.
WARNING: At low exhaustiveness, it may be impossible to utilize all CPUs.
WARNING: At low exhaustiveness, it may be impossible to utilize all CPUs.
==============================
*** Open Babel Warning  in PerceiveBondOrders
  Failed to kekulize aromatic bonds in OBMol::PerceiveBondOrders

WARNING: At low exhaustiveness, it may be impossible to utilize all CPUs.
==============================
*** Open Babel Warning  in PerceiveBondOrders
  Failed to kekulize aromatic bonds in OBMol::PerceiveBondOrders

WARNING: At low exhaustiveness, it may be impossible to utilize all CPUs.
WARNING: At low exhaustiveness, it may be impossible to utilize all CPUs.
WARNING: At low exhaustiveness, it may be impossible to utilize all CPUs.
WARNING: At low exhaustiveness, it may be impossible to utilize all CPUs.
WARNING: At low exhaustiveness, it may be impossible to utilize all CPUs.
WARNING: At low exhaustiveness, it may be impossible to utilize all CPUs.
    target_58 vanilla_sig1.0: 40/100  (56s, 1.4s/mol)
WARNING: At low exhaustiveness, it may be impossible to utilize all CPUs.
WARNING: At low exhaustiveness, it may be impossible to utilize all CPUs.
WARNING: At low exhaustiveness, it may be impossible to utilize all CPUs.
WARNING: At low exhaustiveness, it may be impossible to utilize all CPUs.
WARNING: At low exhaustiveness, it may be impossible to utilize all CPUs.
WARNING: At low exhaustiveness, it may be impossible to utilize all CPUs.
WARNING: At low exhaustiveness, it may be impossible to utilize all CPUs.
WARNING: At low exhaustiveness, it may be impossible to utilize all CPUs.
==============================
*** Open Babel Warning  in PerceiveBondOrders
  Failed to kekulize aromatic bonds in OBMol::PerceiveBondOrders

WARNING: At low exhaustiveness, it may be impossible to utilize all CPUs.
==============================
*** Open Babel Warning  in PerceiveBondOrders
  Failed to kekulize aromatic bonds in OBMol::PerceiveBondOrders

WARNING: At low exhaustiveness, it may be impossible to utilize all CPUs.
WARNING: At low exhaustiveness, it may be impossible to utilize all CPUs.
WARNING: At low exhaustiveness, it may be impossible to utilize all CPUs.
WARNING: At low exhaustiveness, it may be impossible to utilize all CPUs.
WARNING: At low exhaustiveness, it may be impossible to utilize all CPUs.
WARNING: At low exhaustiveness, it may be impossible to utilize all CPUs.
WARNING: At low exhaustiveness, it may be impossible to utilize all CPUs.
WARNING: At low exhaustiveness, it may be impossible to utilize all CPUs.
WARNING: At low exhaustiveness, it may be impossible to utilize all CPUs.
WARNING: At low exhaustiveness, it may be impossible to utilize all CPUs.
WARNING: At low exhaustiveness, it may be impossible to utilize all CPUs.
    target_58 vanilla_sig1.0: 60/100  (82s, 1.4s/mol)
WARNING: At low exhaustiveness, it may be impossible to utilize all CPUs.
WARNING: At low exhaustiveness, it may be impossible to utilize all CPUs.
WARNING: At low exhaustiveness, it may be impossible to utilize all CPUs.
WARNING: At low exhaustiveness, it may be impossible to utilize all CPUs.
==============================
*** Open Babel Warning  in PerceiveBondOrders
  Failed to kekulize aromatic bonds in OBMol::PerceiveBondOrders

WARNING: At low exhaustiveness, it may be impossible to utilize all CPUs.
==============================
*** Open Babel Warning  in PerceiveBondOrders
  Failed to kekulize aromatic bonds in OBMol::PerceiveBondOrders

WARNING: At low exhaustiveness, it may be impossible to utilize all CPUs.
WARNING: At low exhaustiveness, it may be impossible to utilize all CPUs.
WARNING: At low exhaustiveness, it may be impossible to utilize all CPUs.
WARNING: At low exhaustiveness, it may be impossible to utilize all CPUs.
WARNING: At low exhaustiveness, it may be impossible to utilize all CPUs.
WARNING: At low exhaustiveness, it may be impossible to utilize all CPUs.
WARNING: At low exhaustiveness, it may be impossible to utilize all CPUs.
WARNING: At low exhaustiveness, it may be impossible to utilize all CPUs.
WARNING: At low exhaustiveness, it may be impossible to utilize all CPUs.
WARNING: At low exhaustiveness, it may be impossible to utilize all CPUs.
WARNING: At low exhaustiveness, it may be impossible to utilize all CPUs.
WARNING: At low exhaustiveness, it may be impossible to utilize all CPUs.
WARNING: At low exhaustiveness, it may be impossible to utilize all CPUs.
WARNING: At low exhaustiveness, it may be impossible to utilize all CPUs.
WARNING: At low exhaustiveness, it may be impossible to utilize all CPUs.
    target_58 vanilla_sig1.0: 80/100  (108s, 1.4s/mol)
WARNING: At low exhaustiveness, it may be impossible to utilize all CPUs.
WARNING: At low exhaustiveness, it may be impossible to utilize all CPUs.
WARNING: At low exhaustiveness, it may be impossible to utilize all CPUs.
WARNING: At low exhaustiveness, it may be impossible to utilize all CPUs.
==============================
*** Open Babel Warning  in PerceiveBondOrders
  Failed to kekulize aromatic bonds in OBMol::PerceiveBondOrders

WARNING: At low exhaustiveness, it may be impossible to utilize all CPUs.
==============================
*** Open Babel Warning  in PerceiveBondOrders
  Failed to kekulize aromatic bonds in OBMol::PerceiveBondOrders

WARNING: At low exhaustiveness, it may be impossible to utilize all CPUs.
WARNING: At low exhaustiveness, it may be impossible to utilize all CPUs.
WARNING: At low exhaustiveness, it may be impossible to utilize all CPUs.
WARNING: At low exhaustiveness, it may be impossible to utilize all CPUs.
WARNING: At low exhaustiveness, it may be impossible to utilize all CPUs.
WARNING: At low exhaustiveness, it may be impossible to utilize all CPUs.
WARNING: At low exhaustiveness, it may be impossible to utilize all CPUs.
WARNING: At low exhaustiveness, it may be impossible to utilize all CPUs.
WARNING: At low exhaustiveness, it may be impossible to utilize all CPUs.
WARNING: At low exhaustiveness, it may be impossible to utilize all CPUs.
WARNING: At low exhaustiveness, it may be impossible to utilize all CPUs.
WARNING: At low exhaustiveness, it may be impossible to utilize all CPUs.
WARNING: At low exhaustiveness, it may be impossible to utilize all CPUs.
==============================
*** Open Babel Warning  in PerceiveBondOrders
  Failed to kekulize aromatic bonds in OBMol::PerceiveBondOrders

WARNING: At low exhaustiveness, it may be impossible to utilize all CPUs.
==============================
*** Open Babel Warning  in PerceiveBondOrders
  Failed to kekulize aromatic bonds in OBMol::PerceiveBondOrders

WARNING: At low exhaustiveness, it may be impossible to utilize all CPUs.
    target_58 vanilla_sig1.0: 100/100  (139s, 1.4s/mol)
    vanilla_sig1.0: wrote /home1/irteam/VoxBind/voxbind/notebook/html/viz_target58/poses_vanilla_sig1.0.json  (100/100 docked poses)
== target_74 (UPPS_ECOLI_1_253_0__4h3c_A_rec_5cqj_53) ==
WARNING: At low exhaustiveness, it may be impossible to utilize all CPUs.
WARNING: At low exhaustiveness, it may be impossible to utilize all CPUs.
WARNING: At low exhaustiveness, it may be impossible to utilize all CPUs.
WARNING: At low exhaustiveness, it may be impossible to utilize all CPUs.
WARNING: At low exhaustiveness, it may be impossible to utilize all CPUs.
WARNING: At low exhaustiveness, it may be impossible to utilize all CPUs.
==============================
*** Open Babel Warning  in PerceiveBondOrders
  Failed to kekulize aromatic bonds in OBMol::PerceiveBondOrders

WARNING: At low exhaustiveness, it may be impossible to utilize all CPUs.
==============================
*** Open Babel Warning  in PerceiveBondOrders
  Failed to kekulize aromatic bonds in OBMol::PerceiveBondOrders

WARNING: At low exhaustiveness, it may be impossible to utilize all CPUs.
WARNING: At low exhaustiveness, it may be impossible to utilize all CPUs.
WARNING: At low exhaustiveness, it may be impossible to utilize all CPUs.
WARNING: At low exhaustiveness, it may be impossible to utilize all CPUs.
==============================
*** Open Babel Warning  in PerceiveBondOrders
  Failed to kekulize aromatic bonds in OBMol::PerceiveBondOrders

WARNING: At low exhaustiveness, it may be impossible to utilize all CPUs.
==============================
*** Open Babel Warning  in PerceiveBondOrders
  Failed to kekulize aromatic bonds in OBMol::PerceiveBondOrders

==============================
*** Open Babel Warning  in PerceiveBondOrders
  Failed to kekulize aromatic bonds in OBMol::PerceiveBondOrders

WARNING: At low exhaustiveness, it may be impossible to utilize all CPUs.
==============================
*** Open Babel Warning  in PerceiveBondOrders
  Failed to kekulize aromatic bonds in OBMol::PerceiveBondOrders

WARNING: At low exhaustiveness, it may be impossible to utilize all CPUs.
WARNING: At low exhaustiveness, it may be impossible to utilize all CPUs.
==============================
*** Open Babel Warning  in PerceiveBondOrders
  Failed to kekulize aromatic bonds in OBMol::PerceiveBondOrders

WARNING: At low exhaustiveness, it may be impossible to utilize all CPUs.
==============================
*** Open Babel Warning  in PerceiveBondOrders
  Failed to kekulize aromatic bonds in OBMol::PerceiveBondOrders

==============================
*** Open Babel Warning  in PerceiveBondOrders
  Failed to kekulize aromatic bonds in OBMol::PerceiveBondOrders

WARNING: At low exhaustiveness, it may be impossible to utilize all CPUs.
==============================
*** Open Babel Warning  in PerceiveBondOrders
  Failed to kekulize aromatic bonds in OBMol::PerceiveBondOrders

WARNING: At low exhaustiveness, it may be impossible to utilize all CPUs.
WARNING: At low exhaustiveness, it may be impossible to utilize all CPUs.
WARNING: At low exhaustiveness, it may be impossible to utilize all CPUs.
    target_74 frozenenc_sig0.9: 20/99  (389s, 19.4s/mol)
==============================
*** Open Babel Warning  in PerceiveBondOrders
  Failed to kekulize aromatic bonds in OBMol::PerceiveBondOrders

WARNING: At low exhaustiveness, it may be impossible to utilize all CPUs.
==============================
*** Open Babel Warning  in PerceiveBondOrders
  Failed to kekulize aromatic bonds in OBMol::PerceiveBondOrders

WARNING: At low exhaustiveness, it may be impossible to utilize all CPUs.
WARNING: At low exhaustiveness, it may be impossible to utilize all CPUs.
WARNING: At low exhaustiveness, it may be impossible to utilize all CPUs.
WARNING: At low exhaustiveness, it may be impossible to utilize all CPUs.
==============================
*** Open Babel Warning  in PerceiveBondOrders
  Failed to kekulize aromatic bonds in OBMol::PerceiveBondOrders

WARNING: At low exhaustiveness, it may be impossible to utilize all CPUs.
==============================
*** Open Babel Warning  in PerceiveBondOrders
  Failed to kekulize aromatic bonds in OBMol::PerceiveBondOrders

WARNING: At low exhaustiveness, it may be impossible to utilize all CPUs.
WARNING: At low exhaustiveness, it may be impossible to utilize all CPUs.
WARNING: At low exhaustiveness, it may be impossible to utilize all CPUs.
==============================
*** Open Babel Warning  in PerceiveBondOrders
  Failed to kekulize aromatic bonds in OBMol::PerceiveBondOrders

WARNING: At low exhaustiveness, it may be impossible to utilize all CPUs.
==============================
*** Open Babel Warning  in PerceiveBondOrders
  Failed to kekulize aromatic bonds in OBMol::PerceiveBondOrders

WARNING: At low exhaustiveness, it may be impossible to utilize all CPUs.
WARNING: At low exhaustiveness, it may be impossible to utilize all CPUs.
WARNING: At low exhaustiveness, it may be impossible to utilize all CPUs.
WARNING: At low exhaustiveness, it may be impossible to utilize all CPUs.
WARNING: At low exhaustiveness, it may be impossible to utilize all CPUs.
WARNING: At low exhaustiveness, it may be impossible to utilize all CPUs.
WARNING: At low exhaustiveness, it may be impossible to utilize all CPUs.
==============================
*** Open Babel Warning  in PerceiveBondOrders
  Failed to kekulize aromatic bonds in OBMol::PerceiveBondOrders

WARNING: At low exhaustiveness, it may be impossible to utilize all CPUs.
==============================
*** Open Babel Warning  in PerceiveBondOrders
  Failed to kekulize aromatic bonds in OBMol::PerceiveBondOrders

WARNING: At low exhaustiveness, it may be impossible to utilize all CPUs.
WARNING: At low exhaustiveness, it may be impossible to utilize all CPUs.
    target_74 frozenenc_sig0.9: 40/99  (666s, 16.6s/mol)
==============================
*** Open Babel Warning  in PerceiveBondOrders
  Failed to kekulize aromatic bonds in OBMol::PerceiveBondOrders

WARNING: At low exhaustiveness, it may be impossible to utilize all CPUs.
==============================
*** Open Babel Warning  in PerceiveBondOrders
  Failed to kekulize aromatic bonds in OBMol::PerceiveBondOrders

==============================
*** Open Babel Error  in TetStereoToWedgeHash
  Failed to set stereochemistry as unable to find an available bond
WARNING: At low exhaustiveness, it may be impossible to utilize all CPUs.
==============================
*** Open Babel Error  in TetStereoToWedgeHash
  Failed to set stereochemistry as unable to find an available bond
==============================
*** Open Babel Warning  in PerceiveBondOrders
  Failed to kekulize aromatic bonds in OBMol::PerceiveBondOrders

WARNING: At low exhaustiveness, it may be impossible to utilize all CPUs.
==============================
*** Open Babel Warning  in PerceiveBondOrders
  Failed to kekulize aromatic bonds in OBMol::PerceiveBondOrders

WARNING: At low exhaustiveness, it may be impossible to utilize all CPUs.
WARNING: At low exhaustiveness, it may be impossible to utilize all CPUs.
WARNING: At low exhaustiveness, it may be impossible to utilize all CPUs.
WARNING: At low exhaustiveness, it may be impossible to utilize all CPUs.
WARNING: At low exhaustiveness, it may be impossible to utilize all CPUs.
WARNING: At low exhaustiveness, it may be impossible to utilize all CPUs.
WARNING: At low exhaustiveness, it may be impossible to utilize all CPUs.
WARNING: At low exhaustiveness, it may be impossible to utilize all CPUs.
WARNING: At low exhaustiveness, it may be impossible to utilize all CPUs.
WARNING: At low exhaustiveness, it may be impossible to utilize all CPUs.
WARNING: The search space volume > 27000 Angstrom^3 (See FAQ)
==============================
*** Open Babel Error  in TetStereoToWedgeHash
  Failed to set stereochemistry as unable to find an available bond
WARNING: The search space volume > 27000 Angstrom^3 (See FAQ)
WARNING: At low exhaustiveness, it may be impossible to utilize all CPUs.
==============================
*** Open Babel Error  in TetStereoToWedgeHash
  Failed to set stereochemistry as unable to find an available bond
WARNING: At low exhaustiveness, it may be impossible to utilize all CPUs.
WARNING: At low exhaustiveness, it may be impossible to utilize all CPUs.
WARNING: At low exhaustiveness, it may be impossible to utilize all CPUs.
==============================
*** Open Babel Warning  in PerceiveBondOrders
  Failed to kekulize aromatic bonds in OBMol::PerceiveBondOrders

WARNING: At low exhaustiveness, it may be impossible to utilize all CPUs.
==============================
*** Open Babel Warning  in PerceiveBondOrders
  Failed to kekulize aromatic bonds in OBMol::PerceiveBondOrders

WARNING: At low exhaustiveness, it may be impossible to utilize all CPUs.
==============================
*** Open Babel Warning  in PerceiveBondOrders
  Failed to kekulize aromatic bonds in OBMol::PerceiveBondOrders

WARNING: At low exhaustiveness, it may be impossible to utilize all CPUs.
==============================
*** Open Babel Warning  in PerceiveBondOrders
  Failed to kekulize aromatic bonds in OBMol::PerceiveBondOrders

    target_74 frozenenc_sig0.9: 60/99  (988s, 16.5s/mol)
WARNING: At low exhaustiveness, it may be impossible to utilize all CPUs.
WARNING: At low exhaustiveness, it may be impossible to utilize all CPUs.
WARNING: At low exhaustiveness, it may be impossible to utilize all CPUs.
WARNING: At low exhaustiveness, it may be impossible to utilize all CPUs.
WARNING: At low exhaustiveness, it may be impossible to utilize all CPUs.
WARNING: At low exhaustiveness, it may be impossible to utilize all CPUs.
==============================
*** Open Babel Warning  in PerceiveBondOrders
  Failed to kekulize aromatic bonds in OBMol::PerceiveBondOrders

WARNING: At low exhaustiveness, it may be impossible to utilize all CPUs.
==============================
*** Open Babel Warning  in PerceiveBondOrders
  Failed to kekulize aromatic bonds in OBMol::PerceiveBondOrders

WARNING: At low exhaustiveness, it may be impossible to utilize all CPUs.
WARNING: At low exhaustiveness, it may be impossible to utilize all CPUs.
WARNING: At low exhaustiveness, it may be impossible to utilize all CPUs.
==============================
*** Open Babel Warning  in PerceiveBondOrders
  Failed to kekulize aromatic bonds in OBMol::PerceiveBondOrders

WARNING: At low exhaustiveness, it may be impossible to utilize all CPUs.
==============================
*** Open Babel Warning  in PerceiveBondOrders
  Failed to kekulize aromatic bonds in OBMol::PerceiveBondOrders

==============================
*** Open Babel Warning  in PerceiveBondOrders
  Failed to kekulize aromatic bonds in OBMol::PerceiveBondOrders

WARNING: At low exhaustiveness, it may be impossible to utilize all CPUs.
==============================
*** Open Babel Warning  in PerceiveBondOrders
  Failed to kekulize aromatic bonds in OBMol::PerceiveBondOrders

==============================
*** Open Babel Warning  in PerceiveBondOrders
  Failed to kekulize aromatic bonds in OBMol::PerceiveBondOrders

WARNING: At low exhaustiveness, it may be impossible to utilize all CPUs.
==============================
*** Open Babel Warning  in PerceiveBondOrders
  Failed to kekulize aromatic bonds in OBMol::PerceiveBondOrders

WARNING: At low exhaustiveness, it may be impossible to utilize all CPUs.
==============================
*** Open Babel Warning  in PerceiveBondOrders
  Failed to kekulize aromatic bonds in OBMol::PerceiveBondOrders

WARNING: At low exhaustiveness, it may be impossible to utilize all CPUs.
==============================
*** Open Babel Warning  in PerceiveBondOrders
  Failed to kekulize aromatic bonds in OBMol::PerceiveBondOrders

WARNING: At low exhaustiveness, it may be impossible to utilize all CPUs.
==============================
*** Open Babel Warning  in PerceiveBondOrders
  Failed to kekulize aromatic bonds in OBMol::PerceiveBondOrders

WARNING: At low exhaustiveness, it may be impossible to utilize all CPUs.
==============================
*** Open Babel Warning  in PerceiveBondOrders
  Failed to kekulize aromatic bonds in OBMol::PerceiveBondOrders

WARNING: At low exhaustiveness, it may be impossible to utilize all CPUs.
WARNING: At low exhaustiveness, it may be impossible to utilize all CPUs.
WARNING: At low exhaustiveness, it may be impossible to utilize all CPUs.
    target_74 frozenenc_sig0.9: 80/99  (1238s, 15.5s/mol)
WARNING: At low exhaustiveness, it may be impossible to utilize all CPUs.
WARNING: At low exhaustiveness, it may be impossible to utilize all CPUs.
==============================
*** Open Babel Warning  in PerceiveBondOrders
  Failed to kekulize aromatic bonds in OBMol::PerceiveBondOrders

WARNING: At low exhaustiveness, it may be impossible to utilize all CPUs.
==============================
*** Open Babel Warning  in PerceiveBondOrders
  Failed to kekulize aromatic bonds in OBMol::PerceiveBondOrders

WARNING: At low exhaustiveness, it may be impossible to utilize all CPUs.
WARNING: At low exhaustiveness, it may be impossible to utilize all CPUs.
==============================
*** Open Babel Warning  in PerceiveBondOrders
  Failed to kekulize aromatic bonds in OBMol::PerceiveBondOrders

WARNING: At low exhaustiveness, it may be impossible to utilize all CPUs.
==============================
*** Open Babel Warning  in PerceiveBondOrders
  Failed to kekulize aromatic bonds in OBMol::PerceiveBondOrders

WARNING: At low exhaustiveness, it may be impossible to utilize all CPUs.
WARNING: At low exhaustiveness, it may be impossible to utilize all CPUs.
WARNING: At low exhaustiveness, it may be impossible to utilize all CPUs.
==============================
*** Open Babel Warning  in PerceiveBondOrders
  Failed to kekulize aromatic bonds in OBMol::PerceiveBondOrders

WARNING: At low exhaustiveness, it may be impossible to utilize all CPUs.
==============================
*** Open Babel Warning  in PerceiveBondOrders
  Failed to kekulize aromatic bonds in OBMol::PerceiveBondOrders

WARNING: At low exhaustiveness, it may be impossible to utilize all CPUs.
==============================
*** Open Babel Warning  in PerceiveBondOrders
  Failed to kekulize aromatic bonds in OBMol::PerceiveBondOrders

WARNING: At low exhaustiveness, it may be impossible to utilize all CPUs.
==============================
*** Open Babel Warning  in PerceiveBondOrders
  Failed to kekulize aromatic bonds in OBMol::PerceiveBondOrders

WARNING: At low exhaustiveness, it may be impossible to utilize all CPUs.
WARNING: At low exhaustiveness, it may be impossible to utilize all CPUs.
WARNING: At low exhaustiveness, it may be impossible to utilize all CPUs.
WARNING: At low exhaustiveness, it may be impossible to utilize all CPUs.
WARNING: At low exhaustiveness, it may be impossible to utilize all CPUs.
WARNING: At low exhaustiveness, it may be impossible to utilize all CPUs.
==============================
*** Open Babel Warning  in PerceiveBondOrders
  Failed to kekulize aromatic bonds in OBMol::PerceiveBondOrders

WARNING: At low exhaustiveness, it may be impossible to utilize all CPUs.
==============================
*** Open Babel Warning  in PerceiveBondOrders
  Failed to kekulize aromatic bonds in OBMol::PerceiveBondOrders

    target_74 frozenenc_sig0.9: 99/99  (1402s, 14.2s/mol)
    frozenenc_sig0.9: wrote /home1/irteam/VoxBind/voxbind/notebook/html/viz_target74/poses_frozenenc_sig0.9.json  (99/99 docked poses)
WARNING: At low exhaustiveness, it may be impossible to utilize all CPUs.
WARNING: At low exhaustiveness, it may be impossible to utilize all CPUs.
WARNING: At low exhaustiveness, it may be impossible to utilize all CPUs.
WARNING: At low exhaustiveness, it may be impossible to utilize all CPUs.
WARNING: At low exhaustiveness, it may be impossible to utilize all CPUs.
WARNING: At low exhaustiveness, it may be impossible to utilize all CPUs.
WARNING: At low exhaustiveness, it may be impossible to utilize all CPUs.
WARNING: At low exhaustiveness, it may be impossible to utilize all CPUs.
WARNING: At low exhaustiveness, it may be impossible to utilize all CPUs.
WARNING: At low exhaustiveness, it may be impossible to utilize all CPUs.
WARNING: At low exhaustiveness, it may be impossible to utilize all CPUs.
WARNING: At low exhaustiveness, it may be impossible to utilize all CPUs.
WARNING: At low exhaustiveness, it may be impossible to utilize all CPUs.
WARNING: At low exhaustiveness, it may be impossible to utilize all CPUs.
WARNING: At low exhaustiveness, it may be impossible to utilize all CPUs.
WARNING: At low exhaustiveness, it may be impossible to utilize all CPUs.
==============================
*** Open Babel Warning  in PerceiveBondOrders
  Failed to kekulize aromatic bonds in OBMol::PerceiveBondOrders

WARNING: At low exhaustiveness, it may be impossible to utilize all CPUs.
==============================
*** Open Babel Warning  in PerceiveBondOrders
  Failed to kekulize aromatic bonds in OBMol::PerceiveBondOrders

WARNING: At low exhaustiveness, it may be impossible to utilize all CPUs.
==============================
*** Open Babel Error  in TetStereoToWedgeHash
  Failed to set stereochemistry as unable to find an available bond
WARNING: At low exhaustiveness, it may be impossible to utilize all CPUs.
==============================
*** Open Babel Error  in TetStereoToWedgeHash
  Failed to set stereochemistry as unable to find an available bond
WARNING: At low exhaustiveness, it may be impossible to utilize all CPUs.
    target_74 vanilla_sig0.9: 20/100  (155s, 7.8s/mol)
WARNING: At low exhaustiveness, it may be impossible to utilize all CPUs.
WARNING: At low exhaustiveness, it may be impossible to utilize all CPUs.
WARNING: At low exhaustiveness, it may be impossible to utilize all CPUs.
WARNING: At low exhaustiveness, it may be impossible to utilize all CPUs.
==============================
*** Open Babel Warning  in PerceiveBondOrders
  Failed to kekulize aromatic bonds in OBMol::PerceiveBondOrders

WARNING: At low exhaustiveness, it may be impossible to utilize all CPUs.
==============================
*** Open Babel Warning  in PerceiveBondOrders
  Failed to kekulize aromatic bonds in OBMol::PerceiveBondOrders

WARNING: At low exhaustiveness, it may be impossible to utilize all CPUs.
WARNING: At low exhaustiveness, it may be impossible to utilize all CPUs.
WARNING: At low exhaustiveness, it may be impossible to utilize all CPUs.
WARNING: At low exhaustiveness, it may be impossible to utilize all CPUs.
==============================
*** Open Babel Warning  in PerceiveBondOrders
  Failed to kekulize aromatic bonds in OBMol::PerceiveBondOrders

WARNING: At low exhaustiveness, it may be impossible to utilize all CPUs.
==============================
*** Open Babel Warning  in PerceiveBondOrders
  Failed to kekulize aromatic bonds in OBMol::PerceiveBondOrders

WARNING: At low exhaustiveness, it may be impossible to utilize all CPUs.
WARNING: At low exhaustiveness, it may be impossible to utilize all CPUs.
WARNING: At low exhaustiveness, it may be impossible to utilize all CPUs.
WARNING: At low exhaustiveness, it may be impossible to utilize all CPUs.
WARNING: At low exhaustiveness, it may be impossible to utilize all CPUs.
WARNING: At low exhaustiveness, it may be impossible to utilize all CPUs.
WARNING: At low exhaustiveness, it may be impossible to utilize all CPUs.
WARNING: At low exhaustiveness, it may be impossible to utilize all CPUs.
WARNING: At low exhaustiveness, it may be impossible to utilize all CPUs.
WARNING: At low exhaustiveness, it may be impossible to utilize all CPUs.
    target_74 vanilla_sig0.9: 40/100  (266s, 6.7s/mol)
==============================
*** Open Babel Error  in TetStereoToWedgeHash
  Failed to set stereochemistry as unable to find an available bond
WARNING: At low exhaustiveness, it may be impossible to utilize all CPUs.
==============================
*** Open Babel Error  in TetStereoToWedgeHash
  Failed to set stereochemistry as unable to find an available bond
WARNING: At low exhaustiveness, it may be impossible to utilize all CPUs.
WARNING: At low exhaustiveness, it may be impossible to utilize all CPUs.
WARNING: At low exhaustiveness, it may be impossible to utilize all CPUs.
==============================
*** Open Babel Warning  in PerceiveBondOrders
  Failed to kekulize aromatic bonds in OBMol::PerceiveBondOrders

WARNING: At low exhaustiveness, it may be impossible to utilize all CPUs.
==============================
*** Open Babel Warning  in PerceiveBondOrders
  Failed to kekulize aromatic bonds in OBMol::PerceiveBondOrders

==============================
*** Open Babel Warning  in PerceiveBondOrders
  Failed to kekulize aromatic bonds in OBMol::PerceiveBondOrders

WARNING: At low exhaustiveness, it may be impossible to utilize all CPUs.
==============================
*** Open Babel Warning  in PerceiveBondOrders
  Failed to kekulize aromatic bonds in OBMol::PerceiveBondOrders

==============================
*** Open Babel Warning  in PerceiveBondOrders
  Failed to kekulize aromatic bonds in OBMol::PerceiveBondOrders

WARNING: At low exhaustiveness, it may be impossible to utilize all CPUs.
==============================
*** Open Babel Warning  in PerceiveBondOrders
  Failed to kekulize aromatic bonds in OBMol::PerceiveBondOrders

WARNING: At low exhaustiveness, it may be impossible to utilize all CPUs.
WARNING: At low exhaustiveness, it may be impossible to utilize all CPUs.
==============================
*** Open Babel Error  in TetStereoToWedgeHash
  Failed to set stereochemistry as unable to find an available bond
WARNING: At low exhaustiveness, it may be impossible to utilize all CPUs.
==============================
*** Open Babel Error  in TetStereoToWedgeHash
  Failed to set stereochemistry as unable to find an available bond
WARNING: At low exhaustiveness, it may be impossible to utilize all CPUs.
WARNING: At low exhaustiveness, it may be impossible to utilize all CPUs.
WARNING: At low exhaustiveness, it may be impossible to utilize all CPUs.
==============================
*** Open Babel Error  in TetStereoToWedgeHash
  Failed to set stereochemistry as unable to find an available bond
WARNING: At low exhaustiveness, it may be impossible to utilize all CPUs.
==============================
*** Open Babel Error  in TetStereoToWedgeHash
  Failed to set stereochemistry as unable to find an available bond
WARNING: At low exhaustiveness, it may be impossible to utilize all CPUs.
WARNING: At low exhaustiveness, it may be impossible to utilize all CPUs.
WARNING: At low exhaustiveness, it may be impossible to utilize all CPUs.
WARNING: At low exhaustiveness, it may be impossible to utilize all CPUs.
WARNING: At low exhaustiveness, it may be impossible to utilize all CPUs.
WARNING: At low exhaustiveness, it may be impossible to utilize all CPUs.
    target_74 vanilla_sig0.9: 60/100  (405s, 6.7s/mol)
WARNING: At low exhaustiveness, it may be impossible to utilize all CPUs.
WARNING: At low exhaustiveness, it may be impossible to utilize all CPUs.
WARNING: At low exhaustiveness, it may be impossible to utilize all CPUs.
WARNING: At low exhaustiveness, it may be impossible to utilize all CPUs.
WARNING: At low exhaustiveness, it may be impossible to utilize all CPUs.
WARNING: At low exhaustiveness, it may be impossible to utilize all CPUs.
WARNING: At low exhaustiveness, it may be impossible to utilize all CPUs.
WARNING: At low exhaustiveness, it may be impossible to utilize all CPUs.
WARNING: At low exhaustiveness, it may be impossible to utilize all CPUs.
WARNING: At low exhaustiveness, it may be impossible to utilize all CPUs.
WARNING: At low exhaustiveness, it may be impossible to utilize all CPUs.
WARNING: At low exhaustiveness, it may be impossible to utilize all CPUs.
WARNING: At low exhaustiveness, it may be impossible to utilize all CPUs.
==============================
*** Open Babel Warning  in PerceiveBondOrders
  Failed to kekulize aromatic bonds in OBMol::PerceiveBondOrders

WARNING: At low exhaustiveness, it may be impossible to utilize all CPUs.
==============================
*** Open Babel Warning  in PerceiveBondOrders
  Failed to kekulize aromatic bonds in OBMol::PerceiveBondOrders

WARNING: At low exhaustiveness, it may be impossible to utilize all CPUs.
WARNING: At low exhaustiveness, it may be impossible to utilize all CPUs.
WARNING: At low exhaustiveness, it may be impossible to utilize all CPUs.
WARNING: At low exhaustiveness, it may be impossible to utilize all CPUs.
WARNING: At low exhaustiveness, it may be impossible to utilize all CPUs.
WARNING: At low exhaustiveness, it may be impossible to utilize all CPUs.
    target_74 vanilla_sig0.9: 80/100  (554s, 6.9s/mol)
WARNING: At low exhaustiveness, it may be impossible to utilize all CPUs.
WARNING: At low exhaustiveness, it may be impossible to utilize all CPUs.
WARNING: At low exhaustiveness, it may be impossible to utilize all CPUs.
WARNING: At low exhaustiveness, it may be impossible to utilize all CPUs.
==============================
*** Open Babel Warning  in PerceiveBondOrders
  Failed to kekulize aromatic bonds in OBMol::PerceiveBondOrders

WARNING: At low exhaustiveness, it may be impossible to utilize all CPUs.
==============================
*** Open Babel Warning  in PerceiveBondOrders
  Failed to kekulize aromatic bonds in OBMol::PerceiveBondOrders

WARNING: At low exhaustiveness, it may be impossible to utilize all CPUs.
==============================
*** Open Babel Warning  in PerceiveBondOrders
  Failed to kekulize aromatic bonds in OBMol::PerceiveBondOrders

WARNING: At low exhaustiveness, it may be impossible to utilize all CPUs.
==============================
*** Open Babel Warning  in PerceiveBondOrders
  Failed to kekulize aromatic bonds in OBMol::PerceiveBondOrders

==============================
*** Open Babel Warning  in PerceiveBondOrders
  Failed to kekulize aromatic bonds in OBMol::PerceiveBondOrders

WARNING: At low exhaustiveness, it may be impossible to utilize all CPUs.
==============================
*** Open Babel Warning  in PerceiveBondOrders
  Failed to kekulize aromatic bonds in OBMol::PerceiveBondOrders

WARNING: At low exhaustiveness, it may be impossible to utilize all CPUs.
WARNING: At low exhaustiveness, it may be impossible to utilize all CPUs.
WARNING: At low exhaustiveness, it may be impossible to utilize all CPUs.
WARNING: At low exhaustiveness, it may be impossible to utilize all CPUs.
WARNING: At low exhaustiveness, it may be impossible to utilize all CPUs.
WARNING: At low exhaustiveness, it may be impossible to utilize all CPUs.
WARNING: At low exhaustiveness, it may be impossible to utilize all CPUs.
WARNING: At low exhaustiveness, it may be impossible to utilize all CPUs.
WARNING: At low exhaustiveness, it may be impossible to utilize all CPUs.
==============================
*** Open Babel Warning  in PerceiveBondOrders
  Failed to kekulize aromatic bonds in OBMol::PerceiveBondOrders

WARNING: At low exhaustiveness, it may be impossible to utilize all CPUs.
==============================
*** Open Babel Warning  in PerceiveBondOrders
  Failed to kekulize aromatic bonds in OBMol::PerceiveBondOrders

==============================
*** Open Babel Warning  in PerceiveBondOrders
  Failed to kekulize aromatic bonds in OBMol::PerceiveBondOrders

WARNING: At low exhaustiveness, it may be impossible to utilize all CPUs.
==============================
*** Open Babel Warning  in PerceiveBondOrders
  Failed to kekulize aromatic bonds in OBMol::PerceiveBondOrders

==============================
*** Open Babel Warning  in PerceiveBondOrders
  Failed to kekulize aromatic bonds in OBMol::PerceiveBondOrders

WARNING: At low exhaustiveness, it may be impossible to utilize all CPUs.
==============================
*** Open Babel Warning  in PerceiveBondOrders
  Failed to kekulize aromatic bonds in OBMol::PerceiveBondOrders

    target_74 vanilla_sig0.9: 100/100  (725s, 7.3s/mol)
    vanilla_sig0.9: wrote /home1/irteam/VoxBind/voxbind/notebook/html/viz_target74/poses_vanilla_sig0.9.json  (100/100 docked poses)
WARNING: At low exhaustiveness, it may be impossible to utilize all CPUs.
==============================
*** Open Babel Warning  in PerceiveBondOrders
  Failed to kekulize aromatic bonds in OBMol::PerceiveBondOrders

WARNING: At low exhaustiveness, it may be impossible to utilize all CPUs.
==============================
*** Open Babel Warning  in PerceiveBondOrders
  Failed to kekulize aromatic bonds in OBMol::PerceiveBondOrders

WARNING: At low exhaustiveness, it may be impossible to utilize all CPUs.
WARNING: At low exhaustiveness, it may be impossible to utilize all CPUs.
==============================
*** Open Babel Warning  in PerceiveBondOrders
  Failed to kekulize aromatic bonds in OBMol::PerceiveBondOrders

WARNING: At low exhaustiveness, it may be impossible to utilize all CPUs.
==============================
*** Open Babel Warning  in PerceiveBondOrders
  Failed to kekulize aromatic bonds in OBMol::PerceiveBondOrders

WARNING: At low exhaustiveness, it may be impossible to utilize all CPUs.
WARNING: At low exhaustiveness, it may be impossible to utilize all CPUs.
WARNING: At low exhaustiveness, it may be impossible to utilize all CPUs.
WARNING: At low exhaustiveness, it may be impossible to utilize all CPUs.
WARNING: At low exhaustiveness, it may be impossible to utilize all CPUs.
WARNING: At low exhaustiveness, it may be impossible to utilize all CPUs.
WARNING: At low exhaustiveness, it may be impossible to utilize all CPUs.
WARNING: At low exhaustiveness, it may be impossible to utilize all CPUs.
WARNING: At low exhaustiveness, it may be impossible to utilize all CPUs.
WARNING: At low exhaustiveness, it may be impossible to utilize all CPUs.
WARNING: At low exhaustiveness, it may be impossible to utilize all CPUs.
WARNING: At low exhaustiveness, it may be impossible to utilize all CPUs.
==============================
*** Open Babel Warning  in PerceiveBondOrders
  Failed to kekulize aromatic bonds in OBMol::PerceiveBondOrders

WARNING: At low exhaustiveness, it may be impossible to utilize all CPUs.
==============================
*** Open Babel Warning  in PerceiveBondOrders
  Failed to kekulize aromatic bonds in OBMol::PerceiveBondOrders

WARNING: At low exhaustiveness, it may be impossible to utilize all CPUs.
WARNING: At low exhaustiveness, it may be impossible to utilize all CPUs.
    target_74 vanilla_sig1.0: 20/99  (106s, 5.3s/mol)
WARNING: At low exhaustiveness, it may be impossible to utilize all CPUs.
==============================
*** Open Babel Warning  in PerceiveBondOrders
  Failed to kekulize aromatic bonds in OBMol::PerceiveBondOrders

WARNING: At low exhaustiveness, it may be impossible to utilize all CPUs.
==============================
*** Open Babel Warning  in PerceiveBondOrders
  Failed to kekulize aromatic bonds in OBMol::PerceiveBondOrders

WARNING: At low exhaustiveness, it may be impossible to utilize all CPUs.
WARNING: At low exhaustiveness, it may be impossible to utilize all CPUs.
WARNING: At low exhaustiveness, it may be impossible to utilize all CPUs.
WARNING: At low exhaustiveness, it may be impossible to utilize all CPUs.
WARNING: At low exhaustiveness, it may be impossible to utilize all CPUs.
WARNING: At low exhaustiveness, it may be impossible to utilize all CPUs.
==============================
*** Open Babel Warning  in PerceiveBondOrders
  Failed to kekulize aromatic bonds in OBMol::PerceiveBondOrders

WARNING: At low exhaustiveness, it may be impossible to utilize all CPUs.
==============================
*** Open Babel Warning  in PerceiveBondOrders
  Failed to kekulize aromatic bonds in OBMol::PerceiveBondOrders

==============================
*** Open Babel Warning  in PerceiveBondOrders
  Failed to kekulize aromatic bonds in OBMol::PerceiveBondOrders

WARNING: At low exhaustiveness, it may be impossible to utilize all CPUs.
==============================
*** Open Babel Warning  in PerceiveBondOrders
  Failed to kekulize aromatic bonds in OBMol::PerceiveBondOrders

WARNING: At low exhaustiveness, it may be impossible to utilize all CPUs.
WARNING: At low exhaustiveness, it may be impossible to utilize all CPUs.
==============================
*** Open Babel Warning  in PerceiveBondOrders
  Failed to kekulize aromatic bonds in OBMol::PerceiveBondOrders

WARNING: At low exhaustiveness, it may be impossible to utilize all CPUs.
==============================
*** Open Babel Warning  in PerceiveBondOrders
  Failed to kekulize aromatic bonds in OBMol::PerceiveBondOrders

WARNING: At low exhaustiveness, it may be impossible to utilize all CPUs.
==============================
*** Open Babel Warning  in PerceiveBondOrders
  Failed to kekulize aromatic bonds in OBMol::PerceiveBondOrders

WARNING: At low exhaustiveness, it may be impossible to utilize all CPUs.
==============================
*** Open Babel Warning  in PerceiveBondOrders
  Failed to kekulize aromatic bonds in OBMol::PerceiveBondOrders

==============================
*** Open Babel Warning  in PerceiveBondOrders
  Failed to kekulize aromatic bonds in OBMol::PerceiveBondOrders

WARNING: At low exhaustiveness, it may be impossible to utilize all CPUs.
==============================
*** Open Babel Warning  in PerceiveBondOrders
  Failed to kekulize aromatic bonds in OBMol::PerceiveBondOrders

WARNING: At low exhaustiveness, it may be impossible to utilize all CPUs.
WARNING: At low exhaustiveness, it may be impossible to utilize all CPUs.
WARNING: At low exhaustiveness, it may be impossible to utilize all CPUs.
WARNING: At low exhaustiveness, it may be impossible to utilize all CPUs.
    target_74 vanilla_sig1.0: 40/99  (192s, 4.8s/mol)
WARNING: At low exhaustiveness, it may be impossible to utilize all CPUs.
==============================
*** Open Babel Warning  in PerceiveBondOrders
  Failed to kekulize aromatic bonds in OBMol::PerceiveBondOrders

WARNING: At low exhaustiveness, it may be impossible to utilize all CPUs.
==============================
*** Open Babel Warning  in PerceiveBondOrders
  Failed to kekulize aromatic bonds in OBMol::PerceiveBondOrders

WARNING: At low exhaustiveness, it may be impossible to utilize all CPUs.
WARNING: At low exhaustiveness, it may be impossible to utilize all CPUs.
WARNING: At low exhaustiveness, it may be impossible to utilize all CPUs.
==============================
*** Open Babel Warning  in PerceiveBondOrders
  Failed to kekulize aromatic bonds in OBMol::PerceiveBondOrders

WARNING: At low exhaustiveness, it may be impossible to utilize all CPUs.
==============================
*** Open Babel Warning  in PerceiveBondOrders
  Failed to kekulize aromatic bonds in OBMol::PerceiveBondOrders

WARNING: At low exhaustiveness, it may be impossible to utilize all CPUs.
WARNING: At low exhaustiveness, it may be impossible to utilize all CPUs.
WARNING: At low exhaustiveness, it may be impossible to utilize all CPUs.
WARNING: At low exhaustiveness, it may be impossible to utilize all CPUs.
WARNING: At low exhaustiveness, it may be impossible to utilize all CPUs.
WARNING: At low exhaustiveness, it may be impossible to utilize all CPUs.
WARNING: At low exhaustiveness, it may be impossible to utilize all CPUs.
WARNING: At low exhaustiveness, it may be impossible to utilize all CPUs.
WARNING: At low exhaustiveness, it may be impossible to utilize all CPUs.
==============================
*** Open Babel Warning  in PerceiveBondOrders
  Failed to kekulize aromatic bonds in OBMol::PerceiveBondOrders

WARNING: At low exhaustiveness, it may be impossible to utilize all CPUs.
==============================
*** Open Babel Warning  in PerceiveBondOrders
  Failed to kekulize aromatic bonds in OBMol::PerceiveBondOrders

==============================
*** Open Babel Warning  in PerceiveBondOrders
  Failed to kekulize aromatic bonds in OBMol::PerceiveBondOrders

WARNING: At low exhaustiveness, it may be impossible to utilize all CPUs.
==============================
*** Open Babel Warning  in PerceiveBondOrders
  Failed to kekulize aromatic bonds in OBMol::PerceiveBondOrders

WARNING: At low exhaustiveness, it may be impossible to utilize all CPUs.
WARNING: At low exhaustiveness, it may be impossible to utilize all CPUs.
WARNING: At low exhaustiveness, it may be impossible to utilize all CPUs.
    target_74 vanilla_sig1.0: 60/99  (297s, 4.9s/mol)
==============================
*** Open Babel Warning  in PerceiveBondOrders
  Failed to kekulize aromatic bonds in OBMol::PerceiveBondOrders

WARNING: At low exhaustiveness, it may be impossible to utilize all CPUs.
==============================
*** Open Babel Warning  in PerceiveBondOrders
  Failed to kekulize aromatic bonds in OBMol::PerceiveBondOrders

WARNING: At low exhaustiveness, it may be impossible to utilize all CPUs.
==============================
*** Open Babel Warning  in PerceiveBondOrders
  Failed to kekulize aromatic bonds in OBMol::PerceiveBondOrders

WARNING: At low exhaustiveness, it may be impossible to utilize all CPUs.
==============================
*** Open Babel Warning  in PerceiveBondOrders
  Failed to kekulize aromatic bonds in OBMol::PerceiveBondOrders

WARNING: At low exhaustiveness, it may be impossible to utilize all CPUs.
WARNING: At low exhaustiveness, it may be impossible to utilize all CPUs.
WARNING: At low exhaustiveness, it may be impossible to utilize all CPUs.
==============================
*** Open Babel Warning  in PerceiveBondOrders
  Failed to kekulize aromatic bonds in OBMol::PerceiveBondOrders

WARNING: At low exhaustiveness, it may be impossible to utilize all CPUs.
==============================
*** Open Babel Warning  in PerceiveBondOrders
  Failed to kekulize aromatic bonds in OBMol::PerceiveBondOrders

WARNING: At low exhaustiveness, it may be impossible to utilize all CPUs.
WARNING: At low exhaustiveness, it may be impossible to utilize all CPUs.
WARNING: At low exhaustiveness, it may be impossible to utilize all CPUs.
WARNING: At low exhaustiveness, it may be impossible to utilize all CPUs.
WARNING: At low exhaustiveness, it may be impossible to utilize all CPUs.
==============================
*** Open Babel Warning  in PerceiveBondOrders
  Failed to kekulize aromatic bonds in OBMol::PerceiveBondOrders

WARNING: At low exhaustiveness, it may be impossible to utilize all CPUs.
==============================
*** Open Babel Warning  in PerceiveBondOrders
  Failed to kekulize aromatic bonds in OBMol::PerceiveBondOrders

WARNING: At low exhaustiveness, it may be impossible to utilize all CPUs.
WARNING: At low exhaustiveness, it may be impossible to utilize all CPUs.
==============================
*** Open Babel Warning  in PerceiveBondOrders
  Failed to kekulize aromatic bonds in OBMol::PerceiveBondOrders

WARNING: At low exhaustiveness, it may be impossible to utilize all CPUs.
==============================
*** Open Babel Warning  in PerceiveBondOrders
  Failed to kekulize aromatic bonds in OBMol::PerceiveBondOrders

WARNING: At low exhaustiveness, it may be impossible to utilize all CPUs.
==============================
*** Open Babel Warning  in PerceiveBondOrders
  Failed to kekulize aromatic bonds in OBMol::PerceiveBondOrders

WARNING: At low exhaustiveness, it may be impossible to utilize all CPUs.
==============================
*** Open Babel Warning  in PerceiveBondOrders
  Failed to kekulize aromatic bonds in OBMol::PerceiveBondOrders

WARNING: At low exhaustiveness, it may be impossible to utilize all CPUs.
WARNING: At low exhaustiveness, it may be impossible to utilize all CPUs.
    target_74 vanilla_sig1.0: 80/99  (385s, 4.8s/mol)
WARNING: At low exhaustiveness, it may be impossible to utilize all CPUs.
WARNING: At low exhaustiveness, it may be impossible to utilize all CPUs.
WARNING: At low exhaustiveness, it may be impossible to utilize all CPUs.
WARNING: At low exhaustiveness, it may be impossible to utilize all CPUs.
WARNING: At low exhaustiveness, it may be impossible to utilize all CPUs.
WARNING: At low exhaustiveness, it may be impossible to utilize all CPUs.
WARNING: At low exhaustiveness, it may be impossible to utilize all CPUs.
WARNING: At low exhaustiveness, it may be impossible to utilize all CPUs.
WARNING: At low exhaustiveness, it may be impossible to utilize all CPUs.
WARNING: At low exhaustiveness, it may be impossible to utilize all CPUs.
WARNING: At low exhaustiveness, it may be impossible to utilize all CPUs.
WARNING: At low exhaustiveness, it may be impossible to utilize all CPUs.
==============================
*** Open Babel Warning  in PerceiveBondOrders
  Failed to kekulize aromatic bonds in OBMol::PerceiveBondOrders

WARNING: At low exhaustiveness, it may be impossible to utilize all CPUs.
==============================
*** Open Babel Warning  in PerceiveBondOrders
  Failed to kekulize aromatic bonds in OBMol::PerceiveBondOrders

WARNING: At low exhaustiveness, it may be impossible to utilize all CPUs.
WARNING: At low exhaustiveness, it may be impossible to utilize all CPUs.
WARNING: At low exhaustiveness, it may be impossible to utilize all CPUs.
WARNING: At low exhaustiveness, it may be impossible to utilize all CPUs.
WARNING: At low exhaustiveness, it may be impossible to utilize all CPUs.
WARNING: At low exhaustiveness, it may be impossible to utilize all CPUs.
    target_74 vanilla_sig1.0: 99/99  (456s, 4.6s/mol)
    vanilla_sig1.0: wrote /home1/irteam/VoxBind/voxbind/notebook/html/viz_target74/poses_vanilla_sig1.0.json  (99/99 docked poses)
POSES_DONE
notebook/html/build_viz_poses.py:21: FutureWarning: In the future `np.bool` will be defined as the corresponding NumPy scalar.
  if not hasattr(np, _a):
notebook/html/build_viz_poses.py:21: FutureWarning: In the future `np.object` will be defined as the corresponding NumPy scalar.
  if not hasattr(np, _a):
